
Allocating common symbols
Common symbol       size              file

mem_para_info       0xac              arch/arm/mach-sunxi/pm/standby/super/resume/resume1_c_part.o
saved_context_r13_irq
                    0x8               arch/arm/mach-sunxi/pm/standby/../mem_cpu.o
saved_context_r12_svc
                    0x8               arch/arm/mach-sunxi/pm/standby/../mem_cpu.o
saved_spsr_fiq      0x4               arch/arm/mach-sunxi/pm/standby/../mem_cpu.o
saved_spsr_und      0x4               arch/arm/mach-sunxi/pm/standby/../mem_cpu.o
saved_spsr_irq      0x4               arch/arm/mach-sunxi/pm/standby/../mem_cpu.o
saved_context_r13_abt
                    0x8               arch/arm/mach-sunxi/pm/standby/../mem_cpu.o
saved_spsr_mon      0x4               arch/arm/mach-sunxi/pm/standby/../mem_cpu.o
saved_empty_context_svc
                    0xb0              arch/arm/mach-sunxi/pm/standby/../mem_cpu.o
saved_context_r13_fiq
                    0x1c              arch/arm/mach-sunxi/pm/standby/../mem_cpu.o
saved_cpsr_svc      0x4               arch/arm/mach-sunxi/pm/standby/../mem_cpu.o
saved_context_r13_sys
                    0x8               arch/arm/mach-sunxi/pm/standby/../mem_cpu.o
saved_spsr_abt      0x4               arch/arm/mach-sunxi/pm/standby/../mem_cpu.o
saved_context_r13_mon
                    0x8               arch/arm/mach-sunxi/pm/standby/../mem_cpu.o
func_entry          0x4               arch/arm/mach-sunxi/pm/standby/super/resume/resume1_c_part.o
saved_spsr_svc      0x4               arch/arm/mach-sunxi/pm/standby/../mem_cpu.o
saved_context_r13_und
                    0x8               arch/arm/mach-sunxi/pm/standby/../mem_cpu.o

Memory Configuration

Name             Origin             Length             Attributes
*default*        0x00000000         0xffffffff

Linker script and memory map

                0x00000000                __resume1_start = .

.text           0x00000000     0x2b20
 arch/arm/mach-sunxi/pm/standby/super/resume/resume_head.o(.rodata)
 .rodata        0x00000000       0x30 arch/arm/mach-sunxi/pm/standby/super/resume/resume_head.o
                0x00000000                resume_head
 arch/arm/mach-sunxi/pm/standby/super/resume/resume1.o(.text)
 .text          0x00000030       0xb0 arch/arm/mach-sunxi/pm/standby/super/resume/resume1.o
                0x00000030                _start
 *(.text)
 .text          0x000000e0        0x0 arch/arm/mach-sunxi/pm/standby/super/resume/resume_head.o
 .text          0x000000e0       0x28 arch/arm/mach-sunxi/pm/standby/super/common.o
                0x000000e0                mem_memcpy
 .text          0x00000108        0x0 arch/arm/mach-sunxi/pm/standby/super/super_twi.o
 .text          0x00000108       0x28 arch/arm/mach-sunxi/pm/standby/super/super_delay.o
                0x00000108                mem_delay
 .text          0x00000130        0x0 arch/arm/mach-sunxi/pm/standby/super/super_clock.o
 .text          0x00000130        0x0 arch/arm/mach-sunxi/pm/standby/super/super_power.o
 .text          0x00000130        0x0 arch/arm/mach-sunxi/pm/standby/super/super_cpus.o
 .text          0x00000130      0x298 arch/arm/mach-sunxi/pm/standby/super/resume/resume1_c_part.o
                0x00000130                resume1_c_part
                0x00000268                set_pll
 .text          0x000003c8      0x178 arch/arm/mach-sunxi/pm/standby/../pm_debug.o
                0x000003c8                busy_waiting
                0x000003e8                save_mem_flag
                0x000003ec                clear_mem_flag
                0x000003f0                mem_status_init
                0x000003f4                mem_status_init_nommu
                0x000003f8                mem_status_clear
                0x00000418                mem_status_exit
                0x0000041c                save_mem_status
                0x00000444                get_mem_status
                0x00000454                show_mem_status
                0x0000048c                save_mem_status_nommu
                0x000004a8                save_cpux_mem_status_nommu
                0x000004c4                io_init
                0x000004dc                io_init_high
                0x000004f4                io_init_low
                0x0000050c                io_high
 .text          0x00000540      0x200 arch/arm/mach-sunxi/pm/standby/../mem_timing.o
                0x00000540                init_perfcounters
                0x00000574                backup_perfcounter
                0x00000590                restore_perfcounter
                0x000005b4                get_cyclecount
                0x000005bc                reset_counter
                0x000005cc                change_runtime_env
                0x00000600                delay_us
                0x00000688                delay_ms
                0x000006bc                init_event_counter
                0x000006e8                set_event_counter
                0x00000714                get_event_counter
 .text          0x00000740       0xa0 arch/arm/mach-sunxi/pm/standby/../mem_mmu_pc.o
                0x00000740                save_mmu_state
                0x0000077c                restore_mmu_state
 .text          0x000007e0      0x560 arch/arm/mach-sunxi/pm/standby/../mem_mmu_pc_asm.o
                0x000007e0                save_sp
                0x000007ec                save_sp_nommu
                0x000007f8                restore_sp
                0x00000800                get_sp
                0x00000810                get_cur_cluster_id
                0x00000820                invalidate_dcache
                0x000008b4                invalidate_icache
                0x000008cc                flush_dcache
                0x00000968                flush_icache
                0x0000098c                disable_cache
                0x000009ac                disable_dcache
                0x000009c8                disable_icache
                0x000009e4                disable_l2cache
                0x00000a00                enable_cache
                0x00000a20                enable_icache
                0x00000a3c                invalidate_branch_predictor
                0x00000a54                disable_program_flow_prediction
                0x00000a70                enable_program_flow_prediction
                0x00000a8c                mem_flush_tlb
                0x00000ab0                mem_preload_tlb
                0x00000bbc                disable_mmu
                0x00000bf4                enable_mmu
                0x00000c34                jump_to_suspend
                0x00000c50                jump_to_resume
                0x00000c70                jump_to_resume0
                0x00000c80                jump_to_resume0_nommu
 .text          0x00000d40      0x7b0 arch/arm/mach-sunxi/pm/standby/../mem_cpu.o
                0x00000d40                __save_processor_state
                0x00001144                __restore_processor_state
                0x00001408                disable_cache_invalidate
                0x00001420                set_copro_default
                0x000014b4                save_processor_state
                0x000014c0                restore_processor_state
                0x000014cc                restore_processor_ttbr0
                0x000014e0                set_ttbr0
 .text          0x000014f0      0x4cc arch/arm/mach-sunxi/pm/standby/../mem_serial.o
                0x0000159c                serial_exit
                0x000015d0                serial_init_nommu
                0x00001670                serial_puts_nommu
                0x00001720                serial_gets_nommu
                0x000017ac                serial_init_manager
                0x000017c0                serial_exit_manager
                0x000017d4                serial_init
                0x00001880                serial_puts
                0x00001930                serial_gets
 .text          0x000019bc      0x7ec arch/arm/mach-sunxi/pm/standby/../mem_printk.o
                0x00001c08                printk
                0x00001ed8                printk_nommu
 .text          0x000021a8      0x1dc arch/arm/mach-sunxi/pm/standby/../mem_divlib.o
                0x000021a8                standby_delay
                0x000021d0                standby_delay_cycle
                0x000021dc                Ldiv0
                0x000021ec                __aeabi_uidiv
                0x00002288                __aeabi_idiv
                0x00002354                __aeabi_uidivmod
                0x0000236c                __aeabi_idivmod
 .text          0x00002384       0x58 arch/arm/mach-sunxi/pm/standby/../mem_divlibc.o
                0x00002384                __mem_div0
                0x00002390                raw_lib_udiv
 .text          0x000023dc      0x19c arch/arm/mach-sunxi/pm/standby/../mem_int.o
                0x000023dc                mem_int_init
                0x0000246c                mem_int_exit
                0x000024c0                mem_enable_int
                0x0000251c                mem_query_int
 .text          0x00002578       0x58 arch/arm/mach-sunxi/pm/standby/../mem_gpio.o
                0x00002578                mem_gpio_save
                0x000025a4                mem_gpio_restore
 .text          0x000025d0      0x1e8 arch/arm/mach-sunxi/pm/standby/../mem_tmr.o
                0x000025d0                mem_tmr_save
                0x00002630                mem_tmr_restore
                0x00002680                mem_tmr_init
                0x000026b8                mem_tmr_exit
                0x000026e0                mem_tmr_enable_watchdog
                0x00002728                mem_tmr_disable_watchdog
                0x00002768                mem_tmr_set
 .text          0x000027b8        0x0 arch/arm/mach-sunxi/pm/standby/../mem_tmstmp.o
 .text          0x000027b8        0x0 arch/arm/mach-sunxi/pm/standby/../mem_hwspinlock.o
 .text          0x000027b8      0x368 arch/arm/mach-sunxi/pm/standby/../mem_clk.o
                0x000027b8                mem_clk_init
                0x000027e8                mem_get_ba
                0x000027f8                mem_clk_save
                0x00002834                mem_clk_restore
                0x00002868                mem_clk_setdiv
                0x000028d8                mem_clk_getdiv
                0x00002920                mem_clk_set_pll_factor
                0x00002980                mem_clk_get_pll_factor
                0x000029d0                mem_clk_set_misc
                0x00002a54                mem_clk_get_misc
                0x00002ab4                mem_clk_get_cpu_freq

.glue_7         0x00002b20        0x0
 .glue_7        0x00000000        0x0 linker stubs

.glue_7t        0x00002b20        0x0
 .glue_7t       0x00000000        0x0 linker stubs

.vfp11_veneer   0x00002b20        0x0
 .vfp11_veneer  0x00000000        0x0 linker stubs

.v4_bx          0x00002b20        0x0
 .v4_bx         0x00000000        0x0 linker stubs

.iplt           0x00002b20        0x0
 .iplt          0x00000000        0x0 arch/arm/mach-sunxi/pm/standby/super/resume/resume_head.o

.rodata         0x00002b20       0x1c
 *(.rodata)
 .rodata        0x00002b20       0x10 arch/arm/mach-sunxi/pm/standby/../mem_timing.o
 .rodata        0x00002b30        0xc arch/arm/mach-sunxi/pm/standby/../mem_serial.o

.rodata.str1.4  0x00002b3c      0x180
 .rodata.str1.4
                0x00002b3c      0x106 arch/arm/mach-sunxi/pm/standby/super/resume/resume1_c_part.o
                                0x108 (size before relaxing)
 *fill*         0x00002c42        0x2 00
 .rodata.str1.4
                0x00002c44       0x17 arch/arm/mach-sunxi/pm/standby/../pm_debug.o
                                 0x18 (size before relaxing)
 *fill*         0x00002c5b        0x1 00
 .rodata.str1.4
                0x00002c5c       0x25 arch/arm/mach-sunxi/pm/standby/../mem_printk.o
                                 0x28 (size before relaxing)
 *fill*         0x00002c81        0x3 00
 .rodata.str1.4
                0x00002c84       0x1a arch/arm/mach-sunxi/pm/standby/../mem_divlibc.o
                                 0x1c (size before relaxing)
 *fill*         0x00002c9e        0x2 00
 .rodata.str1.4
                0x00002ca0       0x1c arch/arm/mach-sunxi/pm/standby/../mem_int.o

.rel.dyn        0x00002cbc        0x0
 .rel.iplt      0x00000000        0x0 arch/arm/mach-sunxi/pm/standby/super/resume/resume_head.o

.data           0x00002cbc        0x4
 *(.data)
 .data          0x00002cbc        0x0 arch/arm/mach-sunxi/pm/standby/super/resume/resume_head.o
 .data          0x00002cbc        0x0 arch/arm/mach-sunxi/pm/standby/super/resume/resume1.o
 .data          0x00002cbc        0x0 arch/arm/mach-sunxi/pm/standby/super/common.o
 .data          0x00002cbc        0x0 arch/arm/mach-sunxi/pm/standby/super/super_twi.o
 .data          0x00002cbc        0x0 arch/arm/mach-sunxi/pm/standby/super/super_delay.o
 .data          0x00002cbc        0x0 arch/arm/mach-sunxi/pm/standby/super/super_clock.o
 .data          0x00002cbc        0x0 arch/arm/mach-sunxi/pm/standby/super/super_power.o
 .data          0x00002cbc        0x0 arch/arm/mach-sunxi/pm/standby/super/super_cpus.o
 .data          0x00002cbc        0x4 arch/arm/mach-sunxi/pm/standby/super/resume/resume1_c_part.o
 .data          0x00002cc0        0x0 arch/arm/mach-sunxi/pm/standby/../pm_debug.o
 .data          0x00002cc0        0x0 arch/arm/mach-sunxi/pm/standby/../mem_timing.o
 .data          0x00002cc0        0x0 arch/arm/mach-sunxi/pm/standby/../mem_mmu_pc.o
 .data          0x00002cc0        0x0 arch/arm/mach-sunxi/pm/standby/../mem_mmu_pc_asm.o
 .data          0x00002cc0        0x0 arch/arm/mach-sunxi/pm/standby/../mem_cpu.o
 .data          0x00002cc0        0x0 arch/arm/mach-sunxi/pm/standby/../mem_serial.o
 .data          0x00002cc0        0x0 arch/arm/mach-sunxi/pm/standby/../mem_printk.o
 .data          0x00002cc0        0x0 arch/arm/mach-sunxi/pm/standby/../mem_divlib.o
 .data          0x00002cc0        0x0 arch/arm/mach-sunxi/pm/standby/../mem_divlibc.o
 .data          0x00002cc0        0x0 arch/arm/mach-sunxi/pm/standby/../mem_int.o
 .data          0x00002cc0        0x0 arch/arm/mach-sunxi/pm/standby/../mem_gpio.o
 .data          0x00002cc0        0x0 arch/arm/mach-sunxi/pm/standby/../mem_tmr.o
 .data          0x00002cc0        0x0 arch/arm/mach-sunxi/pm/standby/../mem_tmstmp.o
 .data          0x00002cc0        0x0 arch/arm/mach-sunxi/pm/standby/../mem_hwspinlock.o
 .data          0x00002cc0        0x0 arch/arm/mach-sunxi/pm/standby/../mem_clk.o
                0x00002cc0                __bss_start = .

.igot.plt       0x00002cc0        0x0
 .igot.plt      0x00000000        0x0 arch/arm/mach-sunxi/pm/standby/super/resume/resume_head.o

.bss            0x00002cc0      0x3b4
 *(.sbss)
 *(.scommon)
 *(.bss)
 .bss           0x00002cc0        0x0 arch/arm/mach-sunxi/pm/standby/super/resume/resume_head.o
 .bss           0x00002cc0        0x0 arch/arm/mach-sunxi/pm/standby/super/resume/resume1.o
 .bss           0x00002cc0        0x0 arch/arm/mach-sunxi/pm/standby/super/common.o
 .bss           0x00002cc0        0x0 arch/arm/mach-sunxi/pm/standby/super/super_twi.o
 .bss           0x00002cc0        0x0 arch/arm/mach-sunxi/pm/standby/super/super_delay.o
 .bss           0x00002cc0        0x0 arch/arm/mach-sunxi/pm/standby/super/super_clock.o
 .bss           0x00002cc0        0x0 arch/arm/mach-sunxi/pm/standby/super/super_power.o
 .bss           0x00002cc0        0x0 arch/arm/mach-sunxi/pm/standby/super/super_cpus.o
 .bss           0x00002cc0        0x0 arch/arm/mach-sunxi/pm/standby/super/resume/resume1_c_part.o
 .bss           0x00002cc0        0x4 arch/arm/mach-sunxi/pm/standby/../pm_debug.o
                0x00002cc0                print_flag
 .bss           0x00002cc4       0x10 arch/arm/mach-sunxi/pm/standby/../mem_timing.o
 .bss           0x00002cd4        0x0 arch/arm/mach-sunxi/pm/standby/../mem_mmu_pc.o
 .bss           0x00002cd4        0x0 arch/arm/mach-sunxi/pm/standby/../mem_mmu_pc_asm.o
 .bss           0x00002cd4       0xa0 arch/arm/mach-sunxi/pm/standby/../mem_cpu.o
 .bss           0x00002d74       0x14 arch/arm/mach-sunxi/pm/standby/../mem_serial.o
 .bss           0x00002d88      0x100 arch/arm/mach-sunxi/pm/standby/../mem_printk.o
 .bss           0x00002e88        0x0 arch/arm/mach-sunxi/pm/standby/../mem_divlib.o
 .bss           0x00002e88        0x0 arch/arm/mach-sunxi/pm/standby/../mem_divlibc.o
 .bss           0x00002e88        0x8 arch/arm/mach-sunxi/pm/standby/../mem_int.o
 .bss           0x00002e90        0x0 arch/arm/mach-sunxi/pm/standby/../mem_gpio.o
 .bss           0x00002e90       0x10 arch/arm/mach-sunxi/pm/standby/../mem_tmr.o
 .bss           0x00002ea0        0x0 arch/arm/mach-sunxi/pm/standby/../mem_tmstmp.o
 .bss           0x00002ea0        0x0 arch/arm/mach-sunxi/pm/standby/../mem_hwspinlock.o
 .bss           0x00002ea0        0xc arch/arm/mach-sunxi/pm/standby/../mem_clk.o
 *(COMMON)
 COMMON         0x00002eac       0xb0 arch/arm/mach-sunxi/pm/standby/super/resume/resume1_c_part.o
                0x00002eac                mem_para_info
                0x00002f58                func_entry
 COMMON         0x00002f5c      0x118 arch/arm/mach-sunxi/pm/standby/../mem_cpu.o
                0x00002f5c                saved_context_r13_irq
                0x00002f64                saved_context_r12_svc
                0x00002f6c                saved_spsr_fiq
                0x00002f70                saved_spsr_und
                0x00002f74                saved_spsr_irq
                0x00002f78                saved_context_r13_abt
                0x00002f80                saved_spsr_mon
                0x00002f84                saved_empty_context_svc
                0x00003034                saved_context_r13_fiq
                0x00003050                saved_cpsr_svc
                0x00003054                saved_context_r13_sys
                0x0000305c                saved_spsr_abt
                0x00003060                saved_context_r13_mon
                0x00003068                saved_spsr_svc
                0x0000306c                saved_context_r13_und
                0x00003074                __bss_end = .
                0x00003074                __resume1_end = .
LOAD arch/arm/mach-sunxi/pm/standby/super/common.o
LOAD arch/arm/mach-sunxi/pm/standby/super/super_twi.o
LOAD arch/arm/mach-sunxi/pm/standby/super/super_delay.o
LOAD arch/arm/mach-sunxi/pm/standby/super/super_clock.o
LOAD arch/arm/mach-sunxi/pm/standby/super/super_power.o
LOAD arch/arm/mach-sunxi/pm/standby/super/super_cpus.o
LOAD arch/arm/mach-sunxi/pm/standby/super/resume/resume1.o
LOAD arch/arm/mach-sunxi/pm/standby/super/resume/resume_head.o
LOAD arch/arm/mach-sunxi/pm/standby/super/resume/resume1_c_part.o
LOAD arch/arm/mach-sunxi/pm/standby/../pm_debug.o
LOAD arch/arm/mach-sunxi/pm/standby/../mem_timing.o
LOAD arch/arm/mach-sunxi/pm/standby/../mem_mmu_pc.o
LOAD arch/arm/mach-sunxi/pm/standby/../mem_mmu_pc_asm.o
LOAD arch/arm/mach-sunxi/pm/standby/../mem_cpu.o
LOAD arch/arm/mach-sunxi/pm/standby/../mem_serial.o
LOAD arch/arm/mach-sunxi/pm/standby/../mem_printk.o
LOAD arch/arm/mach-sunxi/pm/standby/../mem_divlib.o
LOAD arch/arm/mach-sunxi/pm/standby/../mem_divlibc.o
LOAD arch/arm/mach-sunxi/pm/standby/../mem_int.o
LOAD arch/arm/mach-sunxi/pm/standby/../mem_gpio.o
LOAD arch/arm/mach-sunxi/pm/standby/../mem_tmr.o
LOAD arch/arm/mach-sunxi/pm/standby/../mem_tmstmp.o
LOAD arch/arm/mach-sunxi/pm/standby/../mem_hwspinlock.o
LOAD arch/arm/mach-sunxi/pm/standby/../mem_clk.o
OUTPUT(arch/arm/mach-sunxi/pm/standby/resume1.elf elf32-littlearm)

.debug_info     0x00000000     0x6b13
 .debug_info    0x00000000      0x1b4 arch/arm/mach-sunxi/pm/standby/super/resume/resume_head.o
 .debug_info    0x000001b4       0x89 arch/arm/mach-sunxi/pm/standby/super/resume/resume1.o
 .debug_info    0x0000023d       0xd0 arch/arm/mach-sunxi/pm/standby/super/common.o
 .debug_info    0x0000030d       0x6c arch/arm/mach-sunxi/pm/standby/super/super_twi.o
 .debug_info    0x00000379       0x86 arch/arm/mach-sunxi/pm/standby/super/super_delay.o
 .debug_info    0x000003ff       0x6c arch/arm/mach-sunxi/pm/standby/super/super_clock.o
 .debug_info    0x0000046b       0x6c arch/arm/mach-sunxi/pm/standby/super/super_power.o
 .debug_info    0x000004d7       0x6c arch/arm/mach-sunxi/pm/standby/super/super_cpus.o
 .debug_info    0x00000543     0x15f8 arch/arm/mach-sunxi/pm/standby/super/resume/resume1_c_part.o
 .debug_info    0x00001b3b      0x304 arch/arm/mach-sunxi/pm/standby/../pm_debug.o
 .debug_info    0x00001e3f      0x4fa arch/arm/mach-sunxi/pm/standby/../mem_timing.o
 .debug_info    0x00002339      0x14f arch/arm/mach-sunxi/pm/standby/../mem_mmu_pc.o
 .debug_info    0x00002488       0x86 arch/arm/mach-sunxi/pm/standby/../mem_mmu_pc_asm.o
 .debug_info    0x0000250e      0x594 arch/arm/mach-sunxi/pm/standby/../mem_cpu.o
 .debug_info    0x00002aa2     0x1790 arch/arm/mach-sunxi/pm/standby/../mem_serial.o
 .debug_info    0x00004232      0x844 arch/arm/mach-sunxi/pm/standby/../mem_printk.o
 .debug_info    0x00004a76       0x82 arch/arm/mach-sunxi/pm/standby/../mem_divlib.o
 .debug_info    0x00004af8       0xfa arch/arm/mach-sunxi/pm/standby/../mem_divlibc.o
 .debug_info    0x00004bf2      0x2ce arch/arm/mach-sunxi/pm/standby/../mem_int.o
 .debug_info    0x00004ec0      0x122 arch/arm/mach-sunxi/pm/standby/../mem_gpio.o
 .debug_info    0x00004fe2      0x48c arch/arm/mach-sunxi/pm/standby/../mem_tmr.o
 .debug_info    0x0000546e       0x6c arch/arm/mach-sunxi/pm/standby/../mem_tmstmp.o
 .debug_info    0x000054da       0x6c arch/arm/mach-sunxi/pm/standby/../mem_hwspinlock.o
 .debug_info    0x00005546     0x15cd arch/arm/mach-sunxi/pm/standby/../mem_clk.o

.debug_abbrev   0x00000000     0x1343
 .debug_abbrev  0x00000000       0x97 arch/arm/mach-sunxi/pm/standby/super/resume/resume_head.o
 .debug_abbrev  0x00000097       0x14 arch/arm/mach-sunxi/pm/standby/super/resume/resume1.o
 .debug_abbrev  0x000000ab       0x8b arch/arm/mach-sunxi/pm/standby/super/common.o
 .debug_abbrev  0x00000136       0x2a arch/arm/mach-sunxi/pm/standby/super/super_twi.o
 .debug_abbrev  0x00000160       0x14 arch/arm/mach-sunxi/pm/standby/super/super_delay.o
 .debug_abbrev  0x00000174       0x2a arch/arm/mach-sunxi/pm/standby/super/super_clock.o
 .debug_abbrev  0x0000019e       0x2a arch/arm/mach-sunxi/pm/standby/super/super_power.o
 .debug_abbrev  0x000001c8       0x2a arch/arm/mach-sunxi/pm/standby/super/super_cpus.o
 .debug_abbrev  0x000001f2      0x1bb arch/arm/mach-sunxi/pm/standby/super/resume/resume1_c_part.o
 .debug_abbrev  0x000003ad      0x149 arch/arm/mach-sunxi/pm/standby/../pm_debug.o
 .debug_abbrev  0x000004f6      0x1f0 arch/arm/mach-sunxi/pm/standby/../mem_timing.o
 .debug_abbrev  0x000006e6       0xa8 arch/arm/mach-sunxi/pm/standby/../mem_mmu_pc.o
 .debug_abbrev  0x0000078e       0x14 arch/arm/mach-sunxi/pm/standby/../mem_mmu_pc_asm.o
 .debug_abbrev  0x000007a2      0x148 arch/arm/mach-sunxi/pm/standby/../mem_cpu.o
 .debug_abbrev  0x000008ea      0x322 arch/arm/mach-sunxi/pm/standby/../mem_serial.o
 .debug_abbrev  0x00000c0c      0x221 arch/arm/mach-sunxi/pm/standby/../mem_printk.o
 .debug_abbrev  0x00000e2d       0x14 arch/arm/mach-sunxi/pm/standby/../mem_divlib.o
 .debug_abbrev  0x00000e41       0x81 arch/arm/mach-sunxi/pm/standby/../mem_divlibc.o
 .debug_abbrev  0x00000ec2       0xcb arch/arm/mach-sunxi/pm/standby/../mem_int.o
 .debug_abbrev  0x00000f8d       0xbe arch/arm/mach-sunxi/pm/standby/../mem_gpio.o
 .debug_abbrev  0x0000104b       0xf2 arch/arm/mach-sunxi/pm/standby/../mem_tmr.o
 .debug_abbrev  0x0000113d       0x2a arch/arm/mach-sunxi/pm/standby/../mem_tmstmp.o
 .debug_abbrev  0x00001167       0x2a arch/arm/mach-sunxi/pm/standby/../mem_hwspinlock.o
 .debug_abbrev  0x00001191      0x1b2 arch/arm/mach-sunxi/pm/standby/../mem_clk.o

.debug_line     0x00000000     0x14fb
 .debug_line    0x00000000       0xbc arch/arm/mach-sunxi/pm/standby/super/resume/resume_head.o
 .debug_line    0x000000bc       0x95 arch/arm/mach-sunxi/pm/standby/super/resume/resume1.o
 .debug_line    0x00000151       0x76 arch/arm/mach-sunxi/pm/standby/super/common.o
 .debug_line    0x000001c7       0x1d arch/arm/mach-sunxi/pm/standby/super/super_twi.o
 .debug_line    0x000001e4       0x6b arch/arm/mach-sunxi/pm/standby/super/super_delay.o
 .debug_line    0x0000024f       0x1d arch/arm/mach-sunxi/pm/standby/super/super_clock.o
 .debug_line    0x0000026c       0x1d arch/arm/mach-sunxi/pm/standby/super/super_power.o
 .debug_line    0x00000289       0x1d arch/arm/mach-sunxi/pm/standby/super/super_cpus.o
 .debug_line    0x000002a6      0x17f arch/arm/mach-sunxi/pm/standby/super/resume/resume1_c_part.o
 .debug_line    0x00000425       0xdb arch/arm/mach-sunxi/pm/standby/../pm_debug.o
 .debug_line    0x00000500      0x133 arch/arm/mach-sunxi/pm/standby/../mem_timing.o
 .debug_line    0x00000633       0xb0 arch/arm/mach-sunxi/pm/standby/../mem_mmu_pc.o
 .debug_line    0x000006e3      0x1b4 arch/arm/mach-sunxi/pm/standby/../mem_mmu_pc_asm.o
 .debug_line    0x00000897      0x144 arch/arm/mach-sunxi/pm/standby/../mem_cpu.o
 .debug_line    0x000009db      0x204 arch/arm/mach-sunxi/pm/standby/../mem_serial.o
 .debug_line    0x00000bdf      0x359 arch/arm/mach-sunxi/pm/standby/../mem_printk.o
 .debug_line    0x00000f38       0xad arch/arm/mach-sunxi/pm/standby/../mem_divlib.o
 .debug_line    0x00000fe5       0x86 arch/arm/mach-sunxi/pm/standby/../mem_divlibc.o
 .debug_line    0x0000106b      0x125 arch/arm/mach-sunxi/pm/standby/../mem_int.o
 .debug_line    0x00001190       0xa5 arch/arm/mach-sunxi/pm/standby/../mem_gpio.o
 .debug_line    0x00001235      0x100 arch/arm/mach-sunxi/pm/standby/../mem_tmr.o
 .debug_line    0x00001335       0x1d arch/arm/mach-sunxi/pm/standby/../mem_tmstmp.o
 .debug_line    0x00001352       0x1d arch/arm/mach-sunxi/pm/standby/../mem_hwspinlock.o
 .debug_line    0x0000136f      0x18c arch/arm/mach-sunxi/pm/standby/../mem_clk.o

.debug_str      0x00000000     0x1e1c
 .debug_str     0x00000000      0x243 arch/arm/mach-sunxi/pm/standby/super/resume/resume_head.o
                                0x27b (size before relaxing)
 .debug_str     0x00000243       0x49 arch/arm/mach-sunxi/pm/standby/super/common.o
                                0x11d (size before relaxing)
 .debug_str     0x0000028c       0x31 arch/arm/mach-sunxi/pm/standby/super/super_twi.o
                                0x100 (size before relaxing)
 .debug_str     0x000002bd       0x33 arch/arm/mach-sunxi/pm/standby/super/super_clock.o
                                0x102 (size before relaxing)
 .debug_str     0x000002f0       0x33 arch/arm/mach-sunxi/pm/standby/super/super_power.o
                                0x102 (size before relaxing)
 .debug_str     0x00000323       0x32 arch/arm/mach-sunxi/pm/standby/super/super_cpus.o
                                0x101 (size before relaxing)
 .debug_str     0x00000355      0xb3b arch/arm/mach-sunxi/pm/standby/super/resume/resume1_c_part.o
                                0xd0e (size before relaxing)
 .debug_str     0x00000e90      0x141 arch/arm/mach-sunxi/pm/standby/../pm_debug.o
                                0x2e9 (size before relaxing)
 .debug_str     0x00000fd1      0x1c0 arch/arm/mach-sunxi/pm/standby/../mem_timing.o
                                0x386 (size before relaxing)
 .debug_str     0x00001191       0x50 arch/arm/mach-sunxi/pm/standby/../mem_mmu_pc.o
                                0x16c (size before relaxing)
 .debug_str     0x000011e1      0x285 arch/arm/mach-sunxi/pm/standby/../mem_cpu.o
                                0x48c (size before relaxing)
 .debug_str     0x00001466      0x1b4 arch/arm/mach-sunxi/pm/standby/../mem_serial.o
                                0xb58 (size before relaxing)
 .debug_str     0x0000161a       0xe5 arch/arm/mach-sunxi/pm/standby/../mem_printk.o
                                0x2b3 (size before relaxing)
 .debug_str     0x000016ff       0x6f arch/arm/mach-sunxi/pm/standby/../mem_divlibc.o
                                0x14a (size before relaxing)
 .debug_str     0x0000176e      0x279 arch/arm/mach-sunxi/pm/standby/../mem_int.o
                                0x427 (size before relaxing)
 .debug_str     0x000019e7       0x66 arch/arm/mach-sunxi/pm/standby/../mem_gpio.o
                                0x14c (size before relaxing)
 .debug_str     0x00001a4d      0x241 arch/arm/mach-sunxi/pm/standby/../mem_tmr.o
                                0x43f (size before relaxing)
 .debug_str     0x00001c8e       0x2f arch/arm/mach-sunxi/pm/standby/../mem_tmstmp.o
                                 0xfe (size before relaxing)
 .debug_str     0x00001cbd       0x33 arch/arm/mach-sunxi/pm/standby/../mem_hwspinlock.o
                                0x102 (size before relaxing)
 .debug_str     0x00001cf0      0x12c arch/arm/mach-sunxi/pm/standby/../mem_clk.o
                                0xb58 (size before relaxing)

.comment        0x00000000       0x64
 .comment       0x00000000       0x64 arch/arm/mach-sunxi/pm/standby/super/resume/resume_head.o
                                 0x65 (size before relaxing)
 .comment       0x00000000       0x65 arch/arm/mach-sunxi/pm/standby/super/common.o
 .comment       0x00000000       0x65 arch/arm/mach-sunxi/pm/standby/super/super_twi.o
 .comment       0x00000000       0x65 arch/arm/mach-sunxi/pm/standby/super/super_clock.o
 .comment       0x00000000       0x65 arch/arm/mach-sunxi/pm/standby/super/super_power.o
 .comment       0x00000000       0x65 arch/arm/mach-sunxi/pm/standby/super/super_cpus.o
 .comment       0x00000000       0x65 arch/arm/mach-sunxi/pm/standby/super/resume/resume1_c_part.o
 .comment       0x00000000       0x65 arch/arm/mach-sunxi/pm/standby/../pm_debug.o
 .comment       0x00000000       0x65 arch/arm/mach-sunxi/pm/standby/../mem_timing.o
 .comment       0x00000000       0x65 arch/arm/mach-sunxi/pm/standby/../mem_mmu_pc.o
 .comment       0x00000000       0x65 arch/arm/mach-sunxi/pm/standby/../mem_cpu.o
 .comment       0x00000000       0x65 arch/arm/mach-sunxi/pm/standby/../mem_serial.o
 .comment       0x00000000       0x65 arch/arm/mach-sunxi/pm/standby/../mem_printk.o
 .comment       0x00000000       0x65 arch/arm/mach-sunxi/pm/standby/../mem_divlibc.o
 .comment       0x00000000       0x65 arch/arm/mach-sunxi/pm/standby/../mem_int.o
 .comment       0x00000000       0x65 arch/arm/mach-sunxi/pm/standby/../mem_gpio.o
 .comment       0x00000000       0x65 arch/arm/mach-sunxi/pm/standby/../mem_tmr.o
 .comment       0x00000000       0x65 arch/arm/mach-sunxi/pm/standby/../mem_tmstmp.o
 .comment       0x00000000       0x65 arch/arm/mach-sunxi/pm/standby/../mem_hwspinlock.o
 .comment       0x00000000       0x65 arch/arm/mach-sunxi/pm/standby/../mem_clk.o

.note.GNU-stack
                0x00000000        0x0
 .note.GNU-stack
                0x00000000        0x0 arch/arm/mach-sunxi/pm/standby/super/resume/resume_head.o
 .note.GNU-stack
                0x00000000        0x0 arch/arm/mach-sunxi/pm/standby/super/common.o
 .note.GNU-stack
                0x00000000        0x0 arch/arm/mach-sunxi/pm/standby/super/super_twi.o
 .note.GNU-stack
                0x00000000        0x0 arch/arm/mach-sunxi/pm/standby/super/super_clock.o
 .note.GNU-stack
                0x00000000        0x0 arch/arm/mach-sunxi/pm/standby/super/super_power.o
 .note.GNU-stack
                0x00000000        0x0 arch/arm/mach-sunxi/pm/standby/super/super_cpus.o
 .note.GNU-stack
                0x00000000        0x0 arch/arm/mach-sunxi/pm/standby/super/resume/resume1_c_part.o
 .note.GNU-stack
                0x00000000        0x0 arch/arm/mach-sunxi/pm/standby/../pm_debug.o
 .note.GNU-stack
                0x00000000        0x0 arch/arm/mach-sunxi/pm/standby/../mem_timing.o
 .note.GNU-stack
                0x00000000        0x0 arch/arm/mach-sunxi/pm/standby/../mem_mmu_pc.o
 .note.GNU-stack
                0x00000000        0x0 arch/arm/mach-sunxi/pm/standby/../mem_cpu.o
 .note.GNU-stack
                0x00000000        0x0 arch/arm/mach-sunxi/pm/standby/../mem_serial.o
 .note.GNU-stack
                0x00000000        0x0 arch/arm/mach-sunxi/pm/standby/../mem_printk.o
 .note.GNU-stack
                0x00000000        0x0 arch/arm/mach-sunxi/pm/standby/../mem_divlibc.o
 .note.GNU-stack
                0x00000000        0x0 arch/arm/mach-sunxi/pm/standby/../mem_int.o
 .note.GNU-stack
                0x00000000        0x0 arch/arm/mach-sunxi/pm/standby/../mem_gpio.o
 .note.GNU-stack
                0x00000000        0x0 arch/arm/mach-sunxi/pm/standby/../mem_tmr.o
 .note.GNU-stack
                0x00000000        0x0 arch/arm/mach-sunxi/pm/standby/../mem_tmstmp.o
 .note.GNU-stack
                0x00000000        0x0 arch/arm/mach-sunxi/pm/standby/../mem_hwspinlock.o
 .note.GNU-stack
                0x00000000        0x0 arch/arm/mach-sunxi/pm/standby/../mem_clk.o

.ARM.attributes
                0x00000000       0x31
 .ARM.attributes
                0x00000000       0x33 arch/arm/mach-sunxi/pm/standby/super/resume/resume_head.o
 .ARM.attributes
                0x00000033       0x21 arch/arm/mach-sunxi/pm/standby/super/resume/resume1.o
 .ARM.attributes
                0x00000054       0x33 arch/arm/mach-sunxi/pm/standby/super/common.o
 .ARM.attributes
                0x00000087       0x33 arch/arm/mach-sunxi/pm/standby/super/super_twi.o
 .ARM.attributes
                0x000000ba       0x21 arch/arm/mach-sunxi/pm/standby/super/super_delay.o
 .ARM.attributes
                0x000000db       0x33 arch/arm/mach-sunxi/pm/standby/super/super_clock.o
 .ARM.attributes
                0x0000010e       0x33 arch/arm/mach-sunxi/pm/standby/super/super_power.o
 .ARM.attributes
                0x00000141       0x33 arch/arm/mach-sunxi/pm/standby/super/super_cpus.o
 .ARM.attributes
                0x00000174       0x33 arch/arm/mach-sunxi/pm/standby/super/resume/resume1_c_part.o
 .ARM.attributes
                0x000001a7       0x33 arch/arm/mach-sunxi/pm/standby/../pm_debug.o
 .ARM.attributes
                0x000001da       0x33 arch/arm/mach-sunxi/pm/standby/../mem_timing.o
 .ARM.attributes
                0x0000020d       0x33 arch/arm/mach-sunxi/pm/standby/../mem_mmu_pc.o
 .ARM.attributes
                0x00000240       0x21 arch/arm/mach-sunxi/pm/standby/../mem_mmu_pc_asm.o
 .ARM.attributes
                0x00000261       0x33 arch/arm/mach-sunxi/pm/standby/../mem_cpu.o
 .ARM.attributes
                0x00000294       0x33 arch/arm/mach-sunxi/pm/standby/../mem_serial.o
 .ARM.attributes
                0x000002c7       0x33 arch/arm/mach-sunxi/pm/standby/../mem_printk.o
 .ARM.attributes
                0x000002fa       0x21 arch/arm/mach-sunxi/pm/standby/../mem_divlib.o
 .ARM.attributes
                0x0000031b       0x33 arch/arm/mach-sunxi/pm/standby/../mem_divlibc.o
 .ARM.attributes
                0x0000034e       0x33 arch/arm/mach-sunxi/pm/standby/../mem_int.o
 .ARM.attributes
                0x00000381       0x33 arch/arm/mach-sunxi/pm/standby/../mem_gpio.o
 .ARM.attributes
                0x000003b4       0x33 arch/arm/mach-sunxi/pm/standby/../mem_tmr.o
 .ARM.attributes
                0x000003e7       0x33 arch/arm/mach-sunxi/pm/standby/../mem_tmstmp.o
 .ARM.attributes
                0x0000041a       0x33 arch/arm/mach-sunxi/pm/standby/../mem_hwspinlock.o
 .ARM.attributes
                0x0000044d       0x33 arch/arm/mach-sunxi/pm/standby/../mem_clk.o

.debug_aranges  0x00000000      0x220
 .debug_aranges
                0x00000000       0x20 arch/arm/mach-sunxi/pm/standby/super/resume/resume1.o
 .debug_aranges
                0x00000020       0x20 arch/arm/mach-sunxi/pm/standby/super/common.o
 .debug_aranges
                0x00000040       0x20 arch/arm/mach-sunxi/pm/standby/super/super_delay.o
 .debug_aranges
                0x00000060       0x20 arch/arm/mach-sunxi/pm/standby/super/resume/resume1_c_part.o
 .debug_aranges
                0x00000080       0x20 arch/arm/mach-sunxi/pm/standby/../pm_debug.o
 .debug_aranges
                0x000000a0       0x20 arch/arm/mach-sunxi/pm/standby/../mem_timing.o
 .debug_aranges
                0x000000c0       0x20 arch/arm/mach-sunxi/pm/standby/../mem_mmu_pc.o
 .debug_aranges
                0x000000e0       0x20 arch/arm/mach-sunxi/pm/standby/../mem_mmu_pc_asm.o
 .debug_aranges
                0x00000100       0x20 arch/arm/mach-sunxi/pm/standby/../mem_cpu.o
 .debug_aranges
                0x00000120       0x20 arch/arm/mach-sunxi/pm/standby/../mem_serial.o
 .debug_aranges
                0x00000140       0x20 arch/arm/mach-sunxi/pm/standby/../mem_printk.o
 .debug_aranges
                0x00000160       0x20 arch/arm/mach-sunxi/pm/standby/../mem_divlib.o
 .debug_aranges
                0x00000180       0x20 arch/arm/mach-sunxi/pm/standby/../mem_divlibc.o
 .debug_aranges
                0x000001a0       0x20 arch/arm/mach-sunxi/pm/standby/../mem_int.o
 .debug_aranges
                0x000001c0       0x20 arch/arm/mach-sunxi/pm/standby/../mem_gpio.o
 .debug_aranges
                0x000001e0       0x20 arch/arm/mach-sunxi/pm/standby/../mem_tmr.o
 .debug_aranges
                0x00000200       0x20 arch/arm/mach-sunxi/pm/standby/../mem_clk.o

.debug_loc      0x00000000     0x1a90
 .debug_loc     0x00000000       0x64 arch/arm/mach-sunxi/pm/standby/super/common.o
 .debug_loc     0x00000064       0xce arch/arm/mach-sunxi/pm/standby/super/resume/resume1_c_part.o
 .debug_loc     0x00000132      0x149 arch/arm/mach-sunxi/pm/standby/../pm_debug.o
 .debug_loc     0x0000027b      0x3a0 arch/arm/mach-sunxi/pm/standby/../mem_timing.o
 .debug_loc     0x0000061b       0x42 arch/arm/mach-sunxi/pm/standby/../mem_cpu.o
 .debug_loc     0x0000065d      0x474 arch/arm/mach-sunxi/pm/standby/../mem_serial.o
 .debug_loc     0x00000ad1      0x9e9 arch/arm/mach-sunxi/pm/standby/../mem_printk.o
 .debug_loc     0x000014ba       0xb2 arch/arm/mach-sunxi/pm/standby/../mem_divlibc.o
 .debug_loc     0x0000156c      0x1d9 arch/arm/mach-sunxi/pm/standby/../mem_int.o
 .debug_loc     0x00001745       0x68 arch/arm/mach-sunxi/pm/standby/../mem_gpio.o
 .debug_loc     0x000017ad       0x4f arch/arm/mach-sunxi/pm/standby/../mem_tmr.o
 .debug_loc     0x000017fc      0x294 arch/arm/mach-sunxi/pm/standby/../mem_clk.o

.debug_frame    0x00000000      0x730
 .debug_frame   0x00000000       0x20 arch/arm/mach-sunxi/pm/standby/super/common.o
 .debug_frame   0x00000020       0x48 arch/arm/mach-sunxi/pm/standby/super/resume/resume1_c_part.o
 .debug_frame   0x00000068      0x138 arch/arm/mach-sunxi/pm/standby/../pm_debug.o
 .debug_frame   0x000001a0       0xdc arch/arm/mach-sunxi/pm/standby/../mem_timing.o
 .debug_frame   0x0000027c       0x30 arch/arm/mach-sunxi/pm/standby/../mem_mmu_pc.o
 .debug_frame   0x000002ac       0x90 arch/arm/mach-sunxi/pm/standby/../mem_cpu.o
 .debug_frame   0x0000033c       0xf4 arch/arm/mach-sunxi/pm/standby/../mem_serial.o
 .debug_frame   0x00000430       0xdc arch/arm/mach-sunxi/pm/standby/../mem_printk.o
 .debug_frame   0x0000050c       0x30 arch/arm/mach-sunxi/pm/standby/../mem_divlibc.o
 .debug_frame   0x0000053c       0x5c arch/arm/mach-sunxi/pm/standby/../mem_int.o
 .debug_frame   0x00000598       0x30 arch/arm/mach-sunxi/pm/standby/../mem_gpio.o
 .debug_frame   0x000005c8       0x80 arch/arm/mach-sunxi/pm/standby/../mem_tmr.o
 .debug_frame   0x00000648       0xe8 arch/arm/mach-sunxi/pm/standby/../mem_clk.o

.debug_ranges   0x00000000      0x1c8
 .debug_ranges  0x00000000      0x198 arch/arm/mach-sunxi/pm/standby/../mem_serial.o
 .debug_ranges  0x00000198       0x30 arch/arm/mach-sunxi/pm/standby/../mem_printk.o
