
Allocating common symbols
Common symbol       size              file

extended_standby_para_info
                    0x144             arch/arm/mach-sunxi/pm/standby/standby.o
power_regu_tree     0x3c              arch/arm/mach-sunxi/pm/standby/standby.o
pm_info             0x28              arch/arm/mach-sunxi/pm/standby/standby.o
normal_standby_para_info
                    0x14              arch/arm/mach-sunxi/pm/standby/standby.o

Memory Configuration

Name             Origin             Length             Attributes
*default*        0x00000000         0xffffffff

Linker script and memory map

                0x00000000                __standby_start = .

.text           0xf0000000     0x351c
 arch/arm/mach-sunxi/pm/standby/standby.o(.text.startup)
 *(.text)
 .text          0xf0000000      0x3dc arch/arm/mach-sunxi/pm/standby/standby.o
                0xf0000000                standby_main
 .text          0xf00003dc       0x30 arch/arm/mach-sunxi/pm/standby/common.o
                0xf00003dc                standby_memcpy
 .text          0xf000040c       0xac arch/arm/mach-sunxi/pm/standby/standby_clock.o
                0xf000040c                standby_clk_init
                0xf0000434                standby_clk_exit
                0xf000043c                standby_clk_core2hosc
                0xf0000460                standby_clk_ldoenable
                0xf0000498                standby_clk_pll1enable
 .text          0xf00004b8       0x20 arch/arm/mach-sunxi/pm/standby/standby_ir.o
                0xf00004b8                standby_ir_init
                0xf00004c0                standby_ir_exit
                0xf00004c8                standby_ir_detect
                0xf00004d0                standby_ir_verify
 .text          0xf00004d8       0xac arch/arm/mach-sunxi/pm/standby/standby_key.o
                0xf00004d8                standby_key_init
                0xf000053c                standby_key_exit
                0xf000055c                standby_query_key
 .text          0xf0000584      0x468 arch/arm/mach-sunxi/pm/standby/axp209_power.o
                0xf00007cc                axp209_set_volt
                0xf000099c                axp209_recovery_volt
 .text          0xf00009ec       0xd4 arch/arm/mach-sunxi/pm/standby/standby_power.o
                0xf00009ec                standby_set_power
                0xf0000a70                standby_recovery_power
 .text          0xf0000ac0      0x338 arch/arm/mach-sunxi/pm/standby/standby_twi.o
                0xf0000ac0                standby_twi_init
                0xf0000b0c                standby_twi_exit
                0xf0000b40                twi_byte_rw
 .text          0xf0000df8       0x20 arch/arm/mach-sunxi/pm/standby/standby_usb.o
                0xf0000df8                standby_usb_init
                0xf0000e00                standby_usb_exit
                0xf0000e08                standby_is_usb_status_change
                0xf0000e10                standby_query_usb_event
 .text          0xf0000e18        0x0 arch/arm/mach-sunxi/pm/standby/standby_delay.o
 .text          0xf0000e18      0x178 arch/arm/mach-sunxi/pm/standby/./../pm_debug.o
                0xf0000e18                busy_waiting
                0xf0000e38                save_mem_flag
                0xf0000e3c                clear_mem_flag
                0xf0000e40                mem_status_init
                0xf0000e44                mem_status_init_nommu
                0xf0000e48                mem_status_clear
                0xf0000e68                mem_status_exit
                0xf0000e6c                save_mem_status
                0xf0000e94                get_mem_status
                0xf0000ea4                show_mem_status
                0xf0000edc                save_mem_status_nommu
                0xf0000ef8                save_cpux_mem_status_nommu
                0xf0000f14                io_init
                0xf0000f2c                io_init_high
                0xf0000f44                io_init_low
                0xf0000f5c                io_high
 .text          0xf0000f90      0x200 arch/arm/mach-sunxi/pm/standby/./../mem_timing.o
                0xf0000f90                init_perfcounters
                0xf0000fc4                backup_perfcounter
                0xf0000fe0                restore_perfcounter
                0xf0001004                get_cyclecount
                0xf000100c                reset_counter
                0xf000101c                change_runtime_env
                0xf0001050                delay_us
                0xf00010d8                delay_ms
                0xf000110c                init_event_counter
                0xf0001138                set_event_counter
                0xf0001164                get_event_counter
 *fill*         0xf0001190       0x10 00
 .text          0xf00011a0       0xa0 arch/arm/mach-sunxi/pm/standby/./../mem_mmu_pc.o
                0xf00011a0                save_mmu_state
                0xf00011dc                restore_mmu_state
 .text          0xf0001240      0x560 arch/arm/mach-sunxi/pm/standby/./../mem_mmu_pc_asm.o
                0xf0001240                save_sp
                0xf000124c                save_sp_nommu
                0xf0001258                restore_sp
                0xf0001260                get_sp
                0xf0001270                get_cur_cluster_id
                0xf0001280                invalidate_dcache
                0xf0001314                invalidate_icache
                0xf000132c                flush_dcache
                0xf00013c8                flush_icache
                0xf00013ec                disable_cache
                0xf000140c                disable_dcache
                0xf0001428                disable_icache
                0xf0001444                disable_l2cache
                0xf0001460                enable_cache
                0xf0001480                enable_icache
                0xf000149c                invalidate_branch_predictor
                0xf00014b4                disable_program_flow_prediction
                0xf00014d0                enable_program_flow_prediction
                0xf00014ec                mem_flush_tlb
                0xf0001510                mem_preload_tlb
                0xf000161c                disable_mmu
                0xf0001654                enable_mmu
                0xf0001694                jump_to_suspend
                0xf00016b0                jump_to_resume
                0xf00016d0                jump_to_resume0
                0xf00016e0                jump_to_resume0_nommu
 .text          0xf00017a0      0x4cc arch/arm/mach-sunxi/pm/standby/./../mem_serial.o
                0xf000184c                serial_exit
                0xf0001880                serial_init_nommu
                0xf0001920                serial_puts_nommu
                0xf00019d0                serial_gets_nommu
                0xf0001a5c                serial_init_manager
                0xf0001a70                serial_exit_manager
                0xf0001a84                serial_init
                0xf0001b30                serial_puts
                0xf0001be0                serial_gets
 .text          0xf0001c6c      0x7ec arch/arm/mach-sunxi/pm/standby/./../mem_printk.o
                0xf0001eb8                printk
                0xf0002188                printk_nommu
 .text          0xf0002458      0x1dc arch/arm/mach-sunxi/pm/standby/./../mem_divlib.o
                0xf0002458                standby_delay
                0xf0002480                standby_delay_cycle
                0xf000248c                Ldiv0
                0xf000249c                __aeabi_uidiv
                0xf0002538                __aeabi_idiv
                0xf0002604                __aeabi_uidivmod
                0xf000261c                __aeabi_idivmod
 .text          0xf0002634       0x58 arch/arm/mach-sunxi/pm/standby/./../mem_divlibc.o
                0xf0002634                __mem_div0
                0xf0002640                raw_lib_udiv
 .text          0xf000268c      0x19c arch/arm/mach-sunxi/pm/standby/./../mem_int.o
                0xf000268c                mem_int_init
                0xf000271c                mem_int_exit
                0xf0002770                mem_enable_int
                0xf00027cc                mem_query_int
 .text          0xf0002828       0x58 arch/arm/mach-sunxi/pm/standby/./../mem_gpio.o
                0xf0002828                mem_gpio_save
                0xf0002854                mem_gpio_restore
 .text          0xf0002880      0x1e8 arch/arm/mach-sunxi/pm/standby/./../mem_tmr.o
                0xf0002880                mem_tmr_save
                0xf00028e0                mem_tmr_restore
                0xf0002930                mem_tmr_init
                0xf0002968                mem_tmr_exit
                0xf0002990                mem_tmr_enable_watchdog
                0xf00029d8                mem_tmr_disable_watchdog
                0xf0002a18                mem_tmr_set
 .text          0xf0002a68        0x0 arch/arm/mach-sunxi/pm/standby/./../mem_tmstmp.o
 .text          0xf0002a68      0x368 arch/arm/mach-sunxi/pm/standby/./../mem_clk.o
                0xf0002a68                mem_clk_init
                0xf0002a98                mem_get_ba
                0xf0002aa8                mem_clk_save
                0xf0002ae4                mem_clk_restore
                0xf0002b18                mem_clk_setdiv
                0xf0002b88                mem_clk_getdiv
                0xf0002bd0                mem_clk_set_pll_factor
                0xf0002c30                mem_clk_get_pll_factor
                0xf0002c80                mem_clk_set_misc
                0xf0002d04                mem_clk_get_misc
                0xf0002d64                mem_clk_get_cpu_freq
 .text          0xf0002dd0      0x268 arch/arm/mach-sunxi/pm/standby/./arisc/standby_arisc.o
                0xf0002dd0                standby_arisc_init
                0xf0002dfc                standby_arisc_exit
                0xf0002e28                standby_arisc_notify_restore
                0xf0002ea0                standby_arisc_check_restore_status
                0xf0002f24                standby_arisc_query_wakeup_src
                0xf0002fc0                standby_arisc_standby_normal
 .text          0xf0003038      0x338 arch/arm/mach-sunxi/pm/standby/./arisc/arisc_hwmsgbox.o
                0xf0003038                arisc_hwmsgbox_init
                0xf0003040                arisc_hwmsgbox_exit
                0xf0003048                arisc_hwmsgbox_send_message
                0xf000310c                arisc_hwmsgbox_feedback_message
                0xf00031b0                arisc_hwmsgbox_enable_receiver_int
                0xf0003204                arisc_hwmsgbox_query_receiver_pending
                0xf0003230                arisc_hwmsgbox_clear_receiver_pending
                0xf0003250                arisc_hwmsgbox_query_message
                0xf000333c                arisc_message_valid
 .text          0xf0003370       0x54 arch/arm/mach-sunxi/pm/standby/./arisc/arisc_hwspinlock.o
                0xf0003370                arisc_hwspinlock_init
                0xf0003378                arisc_hwspinlock_exit
                0xf0003380                arisc_hwspin_lock_timeout
                0xf00033a4                arisc_hwspin_unlock
 .text          0xf00033c4       0xf0 arch/arm/mach-sunxi/pm/standby/./arisc/arisc_message_manager.o
                0xf00033c4                arisc_message_manager_init
                0xf00033ec                arisc_message_manager_exit
                0xf00033f4                arisc_message_allocate
                0xf0003488                arisc_message_free
 .text          0xf00034b4        0x0 arch/arm/mach-sunxi/pm/standby/./../mem_hwspinlock.o
 *(.rodata)
 .rodata        0xf00034b4       0x40 arch/arm/mach-sunxi/pm/standby/axp209_power.o
 .rodata        0xf00034f4        0xc arch/arm/mach-sunxi/pm/standby/standby_twi.o
 .rodata        0xf0003500       0x10 arch/arm/mach-sunxi/pm/standby/./../mem_timing.o
 .rodata        0xf0003510        0xc arch/arm/mach-sunxi/pm/standby/./../mem_serial.o

.rodata.str1.4  0xf000351c      0x258
 .rodata.str1.4
                0xf000351c      0x1c2 arch/arm/mach-sunxi/pm/standby/standby.o
                                0x1c4 (size before relaxing)
 *fill*         0xf00036de        0x2 00
 .rodata.str1.4
                0xf00036e0       0x1a arch/arm/mach-sunxi/pm/standby/standby_power.o
                                 0x1c (size before relaxing)
 *fill*         0xf00036fa        0x2 00
 .rodata.str1.4
                0xf00036fc       0x17 arch/arm/mach-sunxi/pm/standby/./../pm_debug.o
                                 0x18 (size before relaxing)
 *fill*         0xf0003713        0x1 00
 .rodata.str1.4
                0xf0003714       0x25 arch/arm/mach-sunxi/pm/standby/./../mem_printk.o
                                 0x28 (size before relaxing)
 *fill*         0xf0003739        0x3 00
 .rodata.str1.4
                0xf000373c       0x1a arch/arm/mach-sunxi/pm/standby/./../mem_divlibc.o
                                 0x1c (size before relaxing)
 *fill*         0xf0003756        0x2 00
 .rodata.str1.4
                0xf0003758       0x1c arch/arm/mach-sunxi/pm/standby/./../mem_int.o

.glue_7         0xf0003774        0x0
 .glue_7        0x00000000        0x0 linker stubs

.glue_7t        0xf0003774        0x0
 .glue_7t       0x00000000        0x0 linker stubs

.vfp11_veneer   0xf0003774        0x0
 .vfp11_veneer  0x00000000        0x0 linker stubs

.v4_bx          0xf0003774        0x0
 .v4_bx         0x00000000        0x0 linker stubs

.iplt           0xf0003774        0x0
 .iplt          0x00000000        0x0 arch/arm/mach-sunxi/pm/standby/standby.o

.rel.dyn        0xf0003774        0x0
 .rel.iplt      0x00000000        0x0 arch/arm/mach-sunxi/pm/standby/standby.o

.data           0xf0003774       0xac
 *(.data)
 .data          0xf0003774        0x0 arch/arm/mach-sunxi/pm/standby/standby.o
 .data          0xf0003774        0x0 arch/arm/mach-sunxi/pm/standby/common.o
 .data          0xf0003774        0x0 arch/arm/mach-sunxi/pm/standby/standby_clock.o
 .data          0xf0003774        0x0 arch/arm/mach-sunxi/pm/standby/standby_ir.o
 .data          0xf0003774        0x0 arch/arm/mach-sunxi/pm/standby/standby_key.o
 .data          0xf0003774       0xa8 arch/arm/mach-sunxi/pm/standby/axp209_power.o
 .data          0xf000381c        0x0 arch/arm/mach-sunxi/pm/standby/standby_power.o
 .data          0xf000381c        0x0 arch/arm/mach-sunxi/pm/standby/standby_twi.o
 .data          0xf000381c        0x0 arch/arm/mach-sunxi/pm/standby/standby_usb.o
 .data          0xf000381c        0x0 arch/arm/mach-sunxi/pm/standby/standby_delay.o
 .data          0xf000381c        0x0 arch/arm/mach-sunxi/pm/standby/./../pm_debug.o
 .data          0xf000381c        0x0 arch/arm/mach-sunxi/pm/standby/./../mem_timing.o
 .data          0xf000381c        0x0 arch/arm/mach-sunxi/pm/standby/./../mem_mmu_pc.o
 .data          0xf000381c        0x0 arch/arm/mach-sunxi/pm/standby/./../mem_mmu_pc_asm.o
 .data          0xf000381c        0x0 arch/arm/mach-sunxi/pm/standby/./../mem_serial.o
 .data          0xf000381c        0x0 arch/arm/mach-sunxi/pm/standby/./../mem_printk.o
 .data          0xf000381c        0x0 arch/arm/mach-sunxi/pm/standby/./../mem_divlib.o
 .data          0xf000381c        0x0 arch/arm/mach-sunxi/pm/standby/./../mem_divlibc.o
 .data          0xf000381c        0x0 arch/arm/mach-sunxi/pm/standby/./../mem_int.o
 .data          0xf000381c        0x0 arch/arm/mach-sunxi/pm/standby/./../mem_gpio.o
 .data          0xf000381c        0x0 arch/arm/mach-sunxi/pm/standby/./../mem_tmr.o
 .data          0xf000381c        0x0 arch/arm/mach-sunxi/pm/standby/./../mem_tmstmp.o
 .data          0xf000381c        0x0 arch/arm/mach-sunxi/pm/standby/./../mem_clk.o
 .data          0xf000381c        0x4 arch/arm/mach-sunxi/pm/standby/./arisc/standby_arisc.o
                0xf000381c                arisc_sram_a2_vbase
 .data          0xf0003820        0x0 arch/arm/mach-sunxi/pm/standby/./arisc/arisc_hwmsgbox.o
 .data          0xf0003820        0x0 arch/arm/mach-sunxi/pm/standby/./arisc/arisc_hwspinlock.o
 .data          0xf0003820        0x0 arch/arm/mach-sunxi/pm/standby/./arisc/arisc_message_manager.o
 .data          0xf0003820        0x0 arch/arm/mach-sunxi/pm/standby/./../mem_hwspinlock.o
                0xf0003820                __bss_start = .

.igot.plt       0xf0003820        0x0
 .igot.plt      0x00000000        0x0 arch/arm/mach-sunxi/pm/standby/standby.o

.bss            0xf0003820      0x37c
 *(.sbss)
 *(.scommon)
 *(.bss)
 .bss           0xf0003820       0x24 arch/arm/mach-sunxi/pm/standby/standby.o
                0xf0003824                d_cache_miss_start
                0xf0003828                d_tlb_miss_start
                0xf000382c                i_tlb_miss_start
                0xf0003830                i_cache_miss_start
                0xf0003834                d_cache_miss_end
                0xf0003838                d_tlb_miss_end
                0xf000383c                i_tlb_miss_end
                0xf0003840                i_cache_miss_end
 .bss           0xf0003844        0x0 arch/arm/mach-sunxi/pm/standby/common.o
 .bss           0xf0003844       0x10 arch/arm/mach-sunxi/pm/standby/standby_clock.o
 .bss           0xf0003854        0x0 arch/arm/mach-sunxi/pm/standby/standby_ir.o
 .bss           0xf0003854        0xc arch/arm/mach-sunxi/pm/standby/standby_key.o
 .bss           0xf0003860       0x18 arch/arm/mach-sunxi/pm/standby/axp209_power.o
 .bss           0xf0003878        0x0 arch/arm/mach-sunxi/pm/standby/standby_power.o
 .bss           0xf0003878        0xc arch/arm/mach-sunxi/pm/standby/standby_twi.o
 .bss           0xf0003884        0x0 arch/arm/mach-sunxi/pm/standby/standby_usb.o
 .bss           0xf0003884        0x0 arch/arm/mach-sunxi/pm/standby/standby_delay.o
 .bss           0xf0003884        0x4 arch/arm/mach-sunxi/pm/standby/./../pm_debug.o
                0xf0003884                print_flag
 .bss           0xf0003888       0x10 arch/arm/mach-sunxi/pm/standby/./../mem_timing.o
 .bss           0xf0003898        0x0 arch/arm/mach-sunxi/pm/standby/./../mem_mmu_pc.o
 .bss           0xf0003898        0x0 arch/arm/mach-sunxi/pm/standby/./../mem_mmu_pc_asm.o
 .bss           0xf0003898       0x14 arch/arm/mach-sunxi/pm/standby/./../mem_serial.o
 .bss           0xf00038ac      0x100 arch/arm/mach-sunxi/pm/standby/./../mem_printk.o
 .bss           0xf00039ac        0x0 arch/arm/mach-sunxi/pm/standby/./../mem_divlib.o
 .bss           0xf00039ac        0x0 arch/arm/mach-sunxi/pm/standby/./../mem_divlibc.o
 .bss           0xf00039ac        0x8 arch/arm/mach-sunxi/pm/standby/./../mem_int.o
 .bss           0xf00039b4        0x0 arch/arm/mach-sunxi/pm/standby/./../mem_gpio.o
 .bss           0xf00039b4       0x10 arch/arm/mach-sunxi/pm/standby/./../mem_tmr.o
 .bss           0xf00039c4        0x0 arch/arm/mach-sunxi/pm/standby/./../mem_tmstmp.o
 .bss           0xf00039c4        0xc arch/arm/mach-sunxi/pm/standby/./../mem_clk.o
 .bss           0xf00039d0        0x8 arch/arm/mach-sunxi/pm/standby/./arisc/standby_arisc.o
 .bss           0xf00039d8        0x0 arch/arm/mach-sunxi/pm/standby/./arisc/arisc_hwmsgbox.o
 .bss           0xf00039d8        0x0 arch/arm/mach-sunxi/pm/standby/./arisc/arisc_hwspinlock.o
 .bss           0xf00039d8        0x8 arch/arm/mach-sunxi/pm/standby/./arisc/arisc_message_manager.o
 .bss           0xf00039e0        0x0 arch/arm/mach-sunxi/pm/standby/./../mem_hwspinlock.o
 *(COMMON)
 COMMON         0xf00039e0      0x1bc arch/arm/mach-sunxi/pm/standby/standby.o
                0xf00039e0                extended_standby_para_info
                0xf0003b24                power_regu_tree
                0xf0003b60                pm_info
                0xf0003b88                normal_standby_para_info
                0xf0003b9c                __bss_end = .
                0xf0003b9c                __standby_end = .
LOAD arch/arm/mach-sunxi/pm/standby/common.o
LOAD arch/arm/mach-sunxi/pm/standby/standby_clock.o
LOAD arch/arm/mach-sunxi/pm/standby/standby_ir.o
LOAD arch/arm/mach-sunxi/pm/standby/standby_key.o
LOAD arch/arm/mach-sunxi/pm/standby/axp209_power.o
LOAD arch/arm/mach-sunxi/pm/standby/standby_power.o
LOAD arch/arm/mach-sunxi/pm/standby/standby_twi.o
LOAD arch/arm/mach-sunxi/pm/standby/standby_usb.o
LOAD arch/arm/mach-sunxi/pm/standby/standby_delay.o
LOAD arch/arm/mach-sunxi/pm/standby/./../pm_debug.o
LOAD arch/arm/mach-sunxi/pm/standby/./../mem_timing.o
LOAD arch/arm/mach-sunxi/pm/standby/./../mem_mmu_pc.o
LOAD arch/arm/mach-sunxi/pm/standby/./../mem_mmu_pc_asm.o
LOAD arch/arm/mach-sunxi/pm/standby/./../mem_serial.o
LOAD arch/arm/mach-sunxi/pm/standby/./../mem_printk.o
LOAD arch/arm/mach-sunxi/pm/standby/./../mem_divlib.o
LOAD arch/arm/mach-sunxi/pm/standby/./../mem_divlibc.o
LOAD arch/arm/mach-sunxi/pm/standby/./../mem_int.o
LOAD arch/arm/mach-sunxi/pm/standby/./../mem_gpio.o
LOAD arch/arm/mach-sunxi/pm/standby/./../mem_tmr.o
LOAD arch/arm/mach-sunxi/pm/standby/./../mem_tmstmp.o
LOAD arch/arm/mach-sunxi/pm/standby/./../mem_clk.o
LOAD arch/arm/mach-sunxi/pm/standby/standby.o
LOAD arch/arm/mach-sunxi/pm/standby/./arisc/standby_arisc.o
LOAD arch/arm/mach-sunxi/pm/standby/./arisc/arisc_hwmsgbox.o
LOAD arch/arm/mach-sunxi/pm/standby/./arisc/arisc_hwspinlock.o
LOAD arch/arm/mach-sunxi/pm/standby/./arisc/arisc_message_manager.o
LOAD arch/arm/mach-sunxi/pm/standby/./../mem_hwspinlock.o
OUTPUT(arch/arm/mach-sunxi/pm/standby/standby.elf elf32-littlearm)

.debug_info     0x00000000     0x7fb4
 .debug_info    0x00000000      0x709 arch/arm/mach-sunxi/pm/standby/standby.o
 .debug_info    0x00000709       0xd4 arch/arm/mach-sunxi/pm/standby/common.o
 .debug_info    0x000007dd     0x1310 arch/arm/mach-sunxi/pm/standby/standby_clock.o
 .debug_info    0x00001aed       0xd7 arch/arm/mach-sunxi/pm/standby/standby_ir.o
 .debug_info    0x00001bc4      0x1f5 arch/arm/mach-sunxi/pm/standby/standby_key.o
 .debug_info    0x00001db9      0x477 arch/arm/mach-sunxi/pm/standby/axp209_power.o
 .debug_info    0x00002230      0x1ec arch/arm/mach-sunxi/pm/standby/standby_power.o
 .debug_info    0x0000241c      0x338 arch/arm/mach-sunxi/pm/standby/standby_twi.o
 .debug_info    0x00002754       0xf6 arch/arm/mach-sunxi/pm/standby/standby_usb.o
 .debug_info    0x0000284a      0x304 arch/arm/mach-sunxi/pm/standby/./../pm_debug.o
 .debug_info    0x00002b4e      0x4fa arch/arm/mach-sunxi/pm/standby/./../mem_timing.o
 .debug_info    0x00003048      0x14f arch/arm/mach-sunxi/pm/standby/./../mem_mmu_pc.o
 .debug_info    0x00003197       0x88 arch/arm/mach-sunxi/pm/standby/./../mem_mmu_pc_asm.o
 .debug_info    0x0000321f     0x1790 arch/arm/mach-sunxi/pm/standby/./../mem_serial.o
 .debug_info    0x000049af      0x844 arch/arm/mach-sunxi/pm/standby/./../mem_printk.o
 .debug_info    0x000051f3       0x84 arch/arm/mach-sunxi/pm/standby/./../mem_divlib.o
 .debug_info    0x00005277       0xfa arch/arm/mach-sunxi/pm/standby/./../mem_divlibc.o
 .debug_info    0x00005371      0x2ce arch/arm/mach-sunxi/pm/standby/./../mem_int.o
 .debug_info    0x0000563f      0x122 arch/arm/mach-sunxi/pm/standby/./../mem_gpio.o
 .debug_info    0x00005761      0x48c arch/arm/mach-sunxi/pm/standby/./../mem_tmr.o
 .debug_info    0x00005bed       0x6c arch/arm/mach-sunxi/pm/standby/./../mem_tmstmp.o
 .debug_info    0x00005c59     0x15cd arch/arm/mach-sunxi/pm/standby/./../mem_clk.o
 .debug_info    0x00007226      0x50d arch/arm/mach-sunxi/pm/standby/./arisc/standby_arisc.o
 .debug_info    0x00007733      0x46d arch/arm/mach-sunxi/pm/standby/./arisc/arisc_hwmsgbox.o
 .debug_info    0x00007ba0       0xfd arch/arm/mach-sunxi/pm/standby/./arisc/arisc_hwspinlock.o
 .debug_info    0x00007c9d      0x2ab arch/arm/mach-sunxi/pm/standby/./arisc/arisc_message_manager.o
 .debug_info    0x00007f48       0x6c arch/arm/mach-sunxi/pm/standby/./../mem_hwspinlock.o

.debug_abbrev   0x00000000     0x1d5e
 .debug_abbrev  0x00000000      0x215 arch/arm/mach-sunxi/pm/standby/standby.o
 .debug_abbrev  0x00000215       0x8d arch/arm/mach-sunxi/pm/standby/common.o
 .debug_abbrev  0x000002a2      0x1ae arch/arm/mach-sunxi/pm/standby/standby_clock.o
 .debug_abbrev  0x00000450       0x4e arch/arm/mach-sunxi/pm/standby/standby_ir.o
 .debug_abbrev  0x0000049e       0xc7 arch/arm/mach-sunxi/pm/standby/standby_key.o
 .debug_abbrev  0x00000565      0x1aa arch/arm/mach-sunxi/pm/standby/axp209_power.o
 .debug_abbrev  0x0000070f       0xe8 arch/arm/mach-sunxi/pm/standby/standby_power.o
 .debug_abbrev  0x000007f7      0x17f arch/arm/mach-sunxi/pm/standby/standby_twi.o
 .debug_abbrev  0x00000976       0x76 arch/arm/mach-sunxi/pm/standby/standby_usb.o
 .debug_abbrev  0x000009ec      0x149 arch/arm/mach-sunxi/pm/standby/./../pm_debug.o
 .debug_abbrev  0x00000b35      0x1f0 arch/arm/mach-sunxi/pm/standby/./../mem_timing.o
 .debug_abbrev  0x00000d25       0xa8 arch/arm/mach-sunxi/pm/standby/./../mem_mmu_pc.o
 .debug_abbrev  0x00000dcd       0x14 arch/arm/mach-sunxi/pm/standby/./../mem_mmu_pc_asm.o
 .debug_abbrev  0x00000de1      0x322 arch/arm/mach-sunxi/pm/standby/./../mem_serial.o
 .debug_abbrev  0x00001103      0x221 arch/arm/mach-sunxi/pm/standby/./../mem_printk.o
 .debug_abbrev  0x00001324       0x14 arch/arm/mach-sunxi/pm/standby/./../mem_divlib.o
 .debug_abbrev  0x00001338       0x81 arch/arm/mach-sunxi/pm/standby/./../mem_divlibc.o
 .debug_abbrev  0x000013b9       0xcb arch/arm/mach-sunxi/pm/standby/./../mem_int.o
 .debug_abbrev  0x00001484       0xbe arch/arm/mach-sunxi/pm/standby/./../mem_gpio.o
 .debug_abbrev  0x00001542       0xf2 arch/arm/mach-sunxi/pm/standby/./../mem_tmr.o
 .debug_abbrev  0x00001634       0x2a arch/arm/mach-sunxi/pm/standby/./../mem_tmstmp.o
 .debug_abbrev  0x0000165e      0x1b2 arch/arm/mach-sunxi/pm/standby/./../mem_clk.o
 .debug_abbrev  0x00001810      0x173 arch/arm/mach-sunxi/pm/standby/./arisc/standby_arisc.o
 .debug_abbrev  0x00001983      0x1e1 arch/arm/mach-sunxi/pm/standby/./arisc/arisc_hwmsgbox.o
 .debug_abbrev  0x00001b64       0x8f arch/arm/mach-sunxi/pm/standby/./arisc/arisc_hwspinlock.o
 .debug_abbrev  0x00001bf3      0x141 arch/arm/mach-sunxi/pm/standby/./arisc/arisc_message_manager.o
 .debug_abbrev  0x00001d34       0x2a arch/arm/mach-sunxi/pm/standby/./../mem_hwspinlock.o

.debug_loc      0x00000000     0x2968
 .debug_loc     0x00000000       0x51 arch/arm/mach-sunxi/pm/standby/standby.o
 .debug_loc     0x00000051       0x59 arch/arm/mach-sunxi/pm/standby/common.o
 .debug_loc     0x000000aa       0x2e arch/arm/mach-sunxi/pm/standby/standby_clock.o
 .debug_loc     0x000000d8       0x20 arch/arm/mach-sunxi/pm/standby/standby_key.o
 .debug_loc     0x000000f8      0x403 arch/arm/mach-sunxi/pm/standby/axp209_power.o
 .debug_loc     0x000004fb      0x1bb arch/arm/mach-sunxi/pm/standby/standby_power.o
 .debug_loc     0x000006b6      0x303 arch/arm/mach-sunxi/pm/standby/standby_twi.o
 .debug_loc     0x000009b9       0x13 arch/arm/mach-sunxi/pm/standby/standby_usb.o
 .debug_loc     0x000009cc      0x149 arch/arm/mach-sunxi/pm/standby/./../pm_debug.o
 .debug_loc     0x00000b15      0x3a0 arch/arm/mach-sunxi/pm/standby/./../mem_timing.o
 .debug_loc     0x00000eb5      0x474 arch/arm/mach-sunxi/pm/standby/./../mem_serial.o
 .debug_loc     0x00001329      0x9e9 arch/arm/mach-sunxi/pm/standby/./../mem_printk.o
 .debug_loc     0x00001d12       0xb2 arch/arm/mach-sunxi/pm/standby/./../mem_divlibc.o
 .debug_loc     0x00001dc4      0x1d9 arch/arm/mach-sunxi/pm/standby/./../mem_int.o
 .debug_loc     0x00001f9d       0x68 arch/arm/mach-sunxi/pm/standby/./../mem_gpio.o
 .debug_loc     0x00002005       0x4f arch/arm/mach-sunxi/pm/standby/./../mem_tmr.o
 .debug_loc     0x00002054      0x294 arch/arm/mach-sunxi/pm/standby/./../mem_clk.o
 .debug_loc     0x000022e8      0x21f arch/arm/mach-sunxi/pm/standby/./arisc/standby_arisc.o
 .debug_loc     0x00002507      0x33b arch/arm/mach-sunxi/pm/standby/./arisc/arisc_hwmsgbox.o
 .debug_loc     0x00002842       0x26 arch/arm/mach-sunxi/pm/standby/./arisc/arisc_hwspinlock.o
 .debug_loc     0x00002868      0x100 arch/arm/mach-sunxi/pm/standby/./arisc/arisc_message_manager.o

.debug_aranges  0x00000000      0x320
 .debug_aranges
                0x00000000       0x20 arch/arm/mach-sunxi/pm/standby/standby.o
 .debug_aranges
                0x00000020       0x20 arch/arm/mach-sunxi/pm/standby/common.o
 .debug_aranges
                0x00000040       0x20 arch/arm/mach-sunxi/pm/standby/standby_clock.o
 .debug_aranges
                0x00000060       0x20 arch/arm/mach-sunxi/pm/standby/standby_ir.o
 .debug_aranges
                0x00000080       0x20 arch/arm/mach-sunxi/pm/standby/standby_key.o
 .debug_aranges
                0x000000a0       0x20 arch/arm/mach-sunxi/pm/standby/axp209_power.o
 .debug_aranges
                0x000000c0       0x20 arch/arm/mach-sunxi/pm/standby/standby_power.o
 .debug_aranges
                0x000000e0       0x20 arch/arm/mach-sunxi/pm/standby/standby_twi.o
 .debug_aranges
                0x00000100       0x20 arch/arm/mach-sunxi/pm/standby/standby_usb.o
 .debug_aranges
                0x00000120       0x20 arch/arm/mach-sunxi/pm/standby/./../pm_debug.o
 .debug_aranges
                0x00000140       0x20 arch/arm/mach-sunxi/pm/standby/./../mem_timing.o
 .debug_aranges
                0x00000160       0x20 arch/arm/mach-sunxi/pm/standby/./../mem_mmu_pc.o
 .debug_aranges
                0x00000180       0x20 arch/arm/mach-sunxi/pm/standby/./../mem_mmu_pc_asm.o
 .debug_aranges
                0x000001a0       0x20 arch/arm/mach-sunxi/pm/standby/./../mem_serial.o
 .debug_aranges
                0x000001c0       0x20 arch/arm/mach-sunxi/pm/standby/./../mem_printk.o
 .debug_aranges
                0x000001e0       0x20 arch/arm/mach-sunxi/pm/standby/./../mem_divlib.o
 .debug_aranges
                0x00000200       0x20 arch/arm/mach-sunxi/pm/standby/./../mem_divlibc.o
 .debug_aranges
                0x00000220       0x20 arch/arm/mach-sunxi/pm/standby/./../mem_int.o
 .debug_aranges
                0x00000240       0x20 arch/arm/mach-sunxi/pm/standby/./../mem_gpio.o
 .debug_aranges
                0x00000260       0x20 arch/arm/mach-sunxi/pm/standby/./../mem_tmr.o
 .debug_aranges
                0x00000280       0x20 arch/arm/mach-sunxi/pm/standby/./../mem_clk.o
 .debug_aranges
                0x000002a0       0x20 arch/arm/mach-sunxi/pm/standby/./arisc/standby_arisc.o
 .debug_aranges
                0x000002c0       0x20 arch/arm/mach-sunxi/pm/standby/./arisc/arisc_hwmsgbox.o
 .debug_aranges
                0x000002e0       0x20 arch/arm/mach-sunxi/pm/standby/./arisc/arisc_hwspinlock.o
 .debug_aranges
                0x00000300       0x20 arch/arm/mach-sunxi/pm/standby/./arisc/arisc_message_manager.o

.debug_ranges   0x00000000      0x360
 .debug_ranges  0x00000000       0x88 arch/arm/mach-sunxi/pm/standby/standby.o
 .debug_ranges  0x00000088       0x80 arch/arm/mach-sunxi/pm/standby/axp209_power.o
 .debug_ranges  0x00000108       0x40 arch/arm/mach-sunxi/pm/standby/standby_twi.o
 .debug_ranges  0x00000148      0x198 arch/arm/mach-sunxi/pm/standby/./../mem_serial.o
 .debug_ranges  0x000002e0       0x30 arch/arm/mach-sunxi/pm/standby/./../mem_printk.o
 .debug_ranges  0x00000310       0x50 arch/arm/mach-sunxi/pm/standby/./arisc/arisc_hwmsgbox.o

.debug_line     0x00000000     0x1cfc
 .debug_line    0x00000000      0x18e arch/arm/mach-sunxi/pm/standby/standby.o
 .debug_line    0x0000018e       0x6c arch/arm/mach-sunxi/pm/standby/common.o
 .debug_line    0x000001fa       0xf9 arch/arm/mach-sunxi/pm/standby/standby_clock.o
 .debug_line    0x000002f3       0x98 arch/arm/mach-sunxi/pm/standby/standby_ir.o
 .debug_line    0x0000038b       0xe6 arch/arm/mach-sunxi/pm/standby/standby_key.o
 .debug_line    0x00000471      0x190 arch/arm/mach-sunxi/pm/standby/axp209_power.o
 .debug_line    0x00000601       0xb1 arch/arm/mach-sunxi/pm/standby/standby_power.o
 .debug_line    0x000006b2      0x19b arch/arm/mach-sunxi/pm/standby/standby_twi.o
 .debug_line    0x0000084d       0x99 arch/arm/mach-sunxi/pm/standby/standby_usb.o
 .debug_line    0x000008e6       0xdd arch/arm/mach-sunxi/pm/standby/./../pm_debug.o
 .debug_line    0x000009c3      0x137 arch/arm/mach-sunxi/pm/standby/./../mem_timing.o
 .debug_line    0x00000afa       0xb4 arch/arm/mach-sunxi/pm/standby/./../mem_mmu_pc.o
 .debug_line    0x00000bae      0x1b6 arch/arm/mach-sunxi/pm/standby/./../mem_mmu_pc_asm.o
 .debug_line    0x00000d64      0x206 arch/arm/mach-sunxi/pm/standby/./../mem_serial.o
 .debug_line    0x00000f6a      0x35b arch/arm/mach-sunxi/pm/standby/./../mem_printk.o
 .debug_line    0x000012c5       0xaf arch/arm/mach-sunxi/pm/standby/./../mem_divlib.o
 .debug_line    0x00001374       0x88 arch/arm/mach-sunxi/pm/standby/./../mem_divlibc.o
 .debug_line    0x000013fc      0x127 arch/arm/mach-sunxi/pm/standby/./../mem_int.o
 .debug_line    0x00001523       0xa7 arch/arm/mach-sunxi/pm/standby/./../mem_gpio.o
 .debug_line    0x000015ca      0x102 arch/arm/mach-sunxi/pm/standby/./../mem_tmr.o
 .debug_line    0x000016cc       0x1d arch/arm/mach-sunxi/pm/standby/./../mem_tmstmp.o
 .debug_line    0x000016e9      0x18e arch/arm/mach-sunxi/pm/standby/./../mem_clk.o
 .debug_line    0x00001877      0x13d arch/arm/mach-sunxi/pm/standby/./arisc/standby_arisc.o
 .debug_line    0x000019b4      0x1b6 arch/arm/mach-sunxi/pm/standby/./arisc/arisc_hwmsgbox.o
 .debug_line    0x00001b6a       0x81 arch/arm/mach-sunxi/pm/standby/./arisc/arisc_hwspinlock.o
 .debug_line    0x00001beb       0xf4 arch/arm/mach-sunxi/pm/standby/./arisc/arisc_message_manager.o
 .debug_line    0x00001cdf       0x1d arch/arm/mach-sunxi/pm/standby/./../mem_hwspinlock.o

.debug_str      0x00000000     0x2678
 .debug_str     0x00000000      0x7de arch/arm/mach-sunxi/pm/standby/standby.o
                                0x865 (size before relaxing)
 .debug_str     0x000007de       0x47 arch/arm/mach-sunxi/pm/standby/common.o
                                0x11b (size before relaxing)
 .debug_str     0x00000825      0x8aa arch/arm/mach-sunxi/pm/standby/standby_clock.o
                                0xa7a (size before relaxing)
 .debug_str     0x000010cf       0x70 arch/arm/mach-sunxi/pm/standby/standby_ir.o
                                0x145 (size before relaxing)
 .debug_str     0x0000113f       0xf1 arch/arm/mach-sunxi/pm/standby/standby_key.o
                                0x29f (size before relaxing)
 .debug_str     0x00001230      0x219 arch/arm/mach-sunxi/pm/standby/axp209_power.o
                                0x3de (size before relaxing)
 .debug_str     0x00001449       0xd6 arch/arm/mach-sunxi/pm/standby/standby_power.o
                                0x1ec (size before relaxing)
 .debug_str     0x0000151f      0x133 arch/arm/mach-sunxi/pm/standby/standby_twi.o
                                0x31b (size before relaxing)
 .debug_str     0x00001652       0x84 arch/arm/mach-sunxi/pm/standby/standby_usb.o
                                0x164 (size before relaxing)
 .debug_str     0x000016d6      0x13e arch/arm/mach-sunxi/pm/standby/./../pm_debug.o
                                0x2eb (size before relaxing)
 .debug_str     0x00001814      0x181 arch/arm/mach-sunxi/pm/standby/./../mem_timing.o
                                0x388 (size before relaxing)
 .debug_str     0x00001995       0x8f arch/arm/mach-sunxi/pm/standby/./../mem_mmu_pc.o
                                0x16e (size before relaxing)
 .debug_str     0x00001a24      0x1b1 arch/arm/mach-sunxi/pm/standby/./../mem_serial.o
                                0xb5a (size before relaxing)
 .debug_str     0x00001bd5       0xe7 arch/arm/mach-sunxi/pm/standby/./../mem_printk.o
                                0x2b5 (size before relaxing)
 .debug_str     0x00001cbc       0x6b arch/arm/mach-sunxi/pm/standby/./../mem_divlibc.o
                                0x14c (size before relaxing)
 .debug_str     0x00001d27       0x97 arch/arm/mach-sunxi/pm/standby/./../mem_int.o
                                0x429 (size before relaxing)
 .debug_str     0x00001dbe       0x68 arch/arm/mach-sunxi/pm/standby/./../mem_gpio.o
                                0x14e (size before relaxing)
 .debug_str     0x00001e26      0x243 arch/arm/mach-sunxi/pm/standby/./../mem_tmr.o
                                0x441 (size before relaxing)
 .debug_str     0x00002069       0x31 arch/arm/mach-sunxi/pm/standby/./../mem_tmstmp.o
                                0x100 (size before relaxing)
 .debug_str     0x0000209a      0x162 arch/arm/mach-sunxi/pm/standby/./../mem_clk.o
                                0xb5a (size before relaxing)
 .debug_str     0x000021fc      0x15b arch/arm/mach-sunxi/pm/standby/./arisc/standby_arisc.o
                                0x426 (size before relaxing)
 .debug_str     0x00002357      0x18a arch/arm/mach-sunxi/pm/standby/./arisc/arisc_hwmsgbox.o
                                0x2e7 (size before relaxing)
 .debug_str     0x000024e1       0x99 arch/arm/mach-sunxi/pm/standby/./arisc/arisc_hwspinlock.o
                                0x170 (size before relaxing)
 .debug_str     0x0000257a       0xc9 arch/arm/mach-sunxi/pm/standby/./arisc/arisc_message_manager.o
                                0x2e0 (size before relaxing)
 .debug_str     0x00002643       0x35 arch/arm/mach-sunxi/pm/standby/./../mem_hwspinlock.o
                                0x104 (size before relaxing)

.comment        0x00000000       0x64
 .comment       0x00000000       0x64 arch/arm/mach-sunxi/pm/standby/standby.o
                                 0x65 (size before relaxing)
 .comment       0x00000000       0x65 arch/arm/mach-sunxi/pm/standby/common.o
 .comment       0x00000000       0x65 arch/arm/mach-sunxi/pm/standby/standby_clock.o
 .comment       0x00000000       0x65 arch/arm/mach-sunxi/pm/standby/standby_ir.o
 .comment       0x00000000       0x65 arch/arm/mach-sunxi/pm/standby/standby_key.o
 .comment       0x00000000       0x65 arch/arm/mach-sunxi/pm/standby/axp209_power.o
 .comment       0x00000000       0x65 arch/arm/mach-sunxi/pm/standby/standby_power.o
 .comment       0x00000000       0x65 arch/arm/mach-sunxi/pm/standby/standby_twi.o
 .comment       0x00000000       0x65 arch/arm/mach-sunxi/pm/standby/standby_usb.o
 .comment       0x00000000       0x65 arch/arm/mach-sunxi/pm/standby/./../pm_debug.o
 .comment       0x00000000       0x65 arch/arm/mach-sunxi/pm/standby/./../mem_timing.o
 .comment       0x00000000       0x65 arch/arm/mach-sunxi/pm/standby/./../mem_mmu_pc.o
 .comment       0x00000000       0x65 arch/arm/mach-sunxi/pm/standby/./../mem_serial.o
 .comment       0x00000000       0x65 arch/arm/mach-sunxi/pm/standby/./../mem_printk.o
 .comment       0x00000000       0x65 arch/arm/mach-sunxi/pm/standby/./../mem_divlibc.o
 .comment       0x00000000       0x65 arch/arm/mach-sunxi/pm/standby/./../mem_int.o
 .comment       0x00000000       0x65 arch/arm/mach-sunxi/pm/standby/./../mem_gpio.o
 .comment       0x00000000       0x65 arch/arm/mach-sunxi/pm/standby/./../mem_tmr.o
 .comment       0x00000000       0x65 arch/arm/mach-sunxi/pm/standby/./../mem_tmstmp.o
 .comment       0x00000000       0x65 arch/arm/mach-sunxi/pm/standby/./../mem_clk.o
 .comment       0x00000000       0x65 arch/arm/mach-sunxi/pm/standby/./arisc/standby_arisc.o
 .comment       0x00000000       0x65 arch/arm/mach-sunxi/pm/standby/./arisc/arisc_hwmsgbox.o
 .comment       0x00000000       0x65 arch/arm/mach-sunxi/pm/standby/./arisc/arisc_hwspinlock.o
 .comment       0x00000000       0x65 arch/arm/mach-sunxi/pm/standby/./arisc/arisc_message_manager.o
 .comment       0x00000000       0x65 arch/arm/mach-sunxi/pm/standby/./../mem_hwspinlock.o

.note.GNU-stack
                0x00000000        0x0
 .note.GNU-stack
                0x00000000        0x0 arch/arm/mach-sunxi/pm/standby/standby.o
 .note.GNU-stack
                0x00000000        0x0 arch/arm/mach-sunxi/pm/standby/common.o
 .note.GNU-stack
                0x00000000        0x0 arch/arm/mach-sunxi/pm/standby/standby_clock.o
 .note.GNU-stack
                0x00000000        0x0 arch/arm/mach-sunxi/pm/standby/standby_ir.o
 .note.GNU-stack
                0x00000000        0x0 arch/arm/mach-sunxi/pm/standby/standby_key.o
 .note.GNU-stack
                0x00000000        0x0 arch/arm/mach-sunxi/pm/standby/axp209_power.o
 .note.GNU-stack
                0x00000000        0x0 arch/arm/mach-sunxi/pm/standby/standby_power.o
 .note.GNU-stack
                0x00000000        0x0 arch/arm/mach-sunxi/pm/standby/standby_twi.o
 .note.GNU-stack
                0x00000000        0x0 arch/arm/mach-sunxi/pm/standby/standby_usb.o
 .note.GNU-stack
                0x00000000        0x0 arch/arm/mach-sunxi/pm/standby/./../pm_debug.o
 .note.GNU-stack
                0x00000000        0x0 arch/arm/mach-sunxi/pm/standby/./../mem_timing.o
 .note.GNU-stack
                0x00000000        0x0 arch/arm/mach-sunxi/pm/standby/./../mem_mmu_pc.o
 .note.GNU-stack
                0x00000000        0x0 arch/arm/mach-sunxi/pm/standby/./../mem_serial.o
 .note.GNU-stack
                0x00000000        0x0 arch/arm/mach-sunxi/pm/standby/./../mem_printk.o
 .note.GNU-stack
                0x00000000        0x0 arch/arm/mach-sunxi/pm/standby/./../mem_divlibc.o
 .note.GNU-stack
                0x00000000        0x0 arch/arm/mach-sunxi/pm/standby/./../mem_int.o
 .note.GNU-stack
                0x00000000        0x0 arch/arm/mach-sunxi/pm/standby/./../mem_gpio.o
 .note.GNU-stack
                0x00000000        0x0 arch/arm/mach-sunxi/pm/standby/./../mem_tmr.o
 .note.GNU-stack
                0x00000000        0x0 arch/arm/mach-sunxi/pm/standby/./../mem_tmstmp.o
 .note.GNU-stack
                0x00000000        0x0 arch/arm/mach-sunxi/pm/standby/./../mem_clk.o
 .note.GNU-stack
                0x00000000        0x0 arch/arm/mach-sunxi/pm/standby/./arisc/standby_arisc.o
 .note.GNU-stack
                0x00000000        0x0 arch/arm/mach-sunxi/pm/standby/./arisc/arisc_hwmsgbox.o
 .note.GNU-stack
                0x00000000        0x0 arch/arm/mach-sunxi/pm/standby/./arisc/arisc_hwspinlock.o
 .note.GNU-stack
                0x00000000        0x0 arch/arm/mach-sunxi/pm/standby/./arisc/arisc_message_manager.o
 .note.GNU-stack
                0x00000000        0x0 arch/arm/mach-sunxi/pm/standby/./../mem_hwspinlock.o

.ARM.attributes
                0x00000000       0x31
 .ARM.attributes
                0x00000000       0x33 arch/arm/mach-sunxi/pm/standby/standby.o
 .ARM.attributes
                0x00000033       0x33 arch/arm/mach-sunxi/pm/standby/common.o
 .ARM.attributes
                0x00000066       0x33 arch/arm/mach-sunxi/pm/standby/standby_clock.o
 .ARM.attributes
                0x00000099       0x33 arch/arm/mach-sunxi/pm/standby/standby_ir.o
 .ARM.attributes
                0x000000cc       0x33 arch/arm/mach-sunxi/pm/standby/standby_key.o
 .ARM.attributes
                0x000000ff       0x33 arch/arm/mach-sunxi/pm/standby/axp209_power.o
 .ARM.attributes
                0x00000132       0x33 arch/arm/mach-sunxi/pm/standby/standby_power.o
 .ARM.attributes
                0x00000165       0x33 arch/arm/mach-sunxi/pm/standby/standby_twi.o
 .ARM.attributes
                0x00000198       0x33 arch/arm/mach-sunxi/pm/standby/standby_usb.o
 .ARM.attributes
                0x000001cb       0x21 arch/arm/mach-sunxi/pm/standby/standby_delay.o
 .ARM.attributes
                0x000001ec       0x33 arch/arm/mach-sunxi/pm/standby/./../pm_debug.o
 .ARM.attributes
                0x0000021f       0x33 arch/arm/mach-sunxi/pm/standby/./../mem_timing.o
 .ARM.attributes
                0x00000252       0x33 arch/arm/mach-sunxi/pm/standby/./../mem_mmu_pc.o
 .ARM.attributes
                0x00000285       0x21 arch/arm/mach-sunxi/pm/standby/./../mem_mmu_pc_asm.o
 .ARM.attributes
                0x000002a6       0x33 arch/arm/mach-sunxi/pm/standby/./../mem_serial.o
 .ARM.attributes
                0x000002d9       0x33 arch/arm/mach-sunxi/pm/standby/./../mem_printk.o
 .ARM.attributes
                0x0000030c       0x21 arch/arm/mach-sunxi/pm/standby/./../mem_divlib.o
 .ARM.attributes
                0x0000032d       0x33 arch/arm/mach-sunxi/pm/standby/./../mem_divlibc.o
 .ARM.attributes
                0x00000360       0x33 arch/arm/mach-sunxi/pm/standby/./../mem_int.o
 .ARM.attributes
                0x00000393       0x33 arch/arm/mach-sunxi/pm/standby/./../mem_gpio.o
 .ARM.attributes
                0x000003c6       0x33 arch/arm/mach-sunxi/pm/standby/./../mem_tmr.o
 .ARM.attributes
                0x000003f9       0x33 arch/arm/mach-sunxi/pm/standby/./../mem_tmstmp.o
 .ARM.attributes
                0x0000042c       0x33 arch/arm/mach-sunxi/pm/standby/./../mem_clk.o
 .ARM.attributes
                0x0000045f       0x33 arch/arm/mach-sunxi/pm/standby/./arisc/standby_arisc.o
 .ARM.attributes
                0x00000492       0x33 arch/arm/mach-sunxi/pm/standby/./arisc/arisc_hwmsgbox.o
 .ARM.attributes
                0x000004c5       0x33 arch/arm/mach-sunxi/pm/standby/./arisc/arisc_hwspinlock.o
 .ARM.attributes
                0x000004f8       0x33 arch/arm/mach-sunxi/pm/standby/./arisc/arisc_message_manager.o
 .ARM.attributes
                0x0000052b       0x33 arch/arm/mach-sunxi/pm/standby/./../mem_hwspinlock.o

.debug_frame    0x00000000      0xb00
 .debug_frame   0x00000000       0x30 arch/arm/mach-sunxi/pm/standby/standby.o
 .debug_frame   0x00000030       0x20 arch/arm/mach-sunxi/pm/standby/common.o
 .debug_frame   0x00000050       0x60 arch/arm/mach-sunxi/pm/standby/standby_clock.o
 .debug_frame   0x000000b0       0x50 arch/arm/mach-sunxi/pm/standby/standby_ir.o
 .debug_frame   0x00000100       0x4c arch/arm/mach-sunxi/pm/standby/standby_key.o
 .debug_frame   0x0000014c       0x84 arch/arm/mach-sunxi/pm/standby/axp209_power.o
 .debug_frame   0x000001d0       0x4c arch/arm/mach-sunxi/pm/standby/standby_power.o
 .debug_frame   0x0000021c       0x48 arch/arm/mach-sunxi/pm/standby/standby_twi.o
 .debug_frame   0x00000264       0x50 arch/arm/mach-sunxi/pm/standby/standby_usb.o
 .debug_frame   0x000002b4      0x138 arch/arm/mach-sunxi/pm/standby/./../pm_debug.o
 .debug_frame   0x000003ec       0xdc arch/arm/mach-sunxi/pm/standby/./../mem_timing.o
 .debug_frame   0x000004c8       0x30 arch/arm/mach-sunxi/pm/standby/./../mem_mmu_pc.o
 .debug_frame   0x000004f8       0xf4 arch/arm/mach-sunxi/pm/standby/./../mem_serial.o
 .debug_frame   0x000005ec       0xdc arch/arm/mach-sunxi/pm/standby/./../mem_printk.o
 .debug_frame   0x000006c8       0x30 arch/arm/mach-sunxi/pm/standby/./../mem_divlibc.o
 .debug_frame   0x000006f8       0x5c arch/arm/mach-sunxi/pm/standby/./../mem_int.o
 .debug_frame   0x00000754       0x30 arch/arm/mach-sunxi/pm/standby/./../mem_gpio.o
 .debug_frame   0x00000784       0x80 arch/arm/mach-sunxi/pm/standby/./../mem_tmr.o
 .debug_frame   0x00000804       0xe8 arch/arm/mach-sunxi/pm/standby/./../mem_clk.o
 .debug_frame   0x000008ec       0xac arch/arm/mach-sunxi/pm/standby/./arisc/standby_arisc.o
 .debug_frame   0x00000998       0xb4 arch/arm/mach-sunxi/pm/standby/./arisc/arisc_hwmsgbox.o
 .debug_frame   0x00000a4c       0x50 arch/arm/mach-sunxi/pm/standby/./arisc/arisc_hwspinlock.o
 .debug_frame   0x00000a9c       0x64 arch/arm/mach-sunxi/pm/standby/./arisc/arisc_message_manager.o
